function()
  return
    function()
      local
      --[symbols]
        a --local symbol ? 
      --[expressions]
        1
      local
      --[symbols]
        y --local symbol function 
      --[expressions]
        function()
        --upvalues  a
          return
            function()
            --upvalues  a
              return
                --[primary start]
                  a --upvalue ? 
                --[primary end]
            end
        end
      local
      --[symbols]
        a --local symbol ? 
      --[expressions]
        5
      local
      --[symbols]
        z --local symbol function 
      --[expressions]
        function()
        --upvalues  a
          return
            function()
            --upvalues  a
              return
                --[primary start]
                  a --upvalue ? 
                --[primary end]
            end
        end
      return
        --[primary start]
          y --local symbol function 
        --[primary end]
       ,
        --[primary start]
          z --local symbol function 
        --[primary end]
    end
end

function()
  return
    function(
      a --local symbol ? 
     ,
      b --local symbol ? 
     ,
      c --local symbol ? 
     ,
      d --local symbol ? 
     ,
      e --local symbol ? 
    )
      if
       --[binary expr start]
        --[primary start]
          a --local symbol ? 
        --[primary end]
       ==
        --[primary start]
          b --local symbol ? 
        --[primary end]
       --[binary expr end]
      then
        goto l1
      elseif
       --[binary expr start]
        --[primary start]
          a --local symbol ? 
        --[primary end]
       ==
        --[primary start]
          c --local symbol ? 
        --[primary end]
       --[binary expr end]
      then
        goto l2
      elseif
       --[binary expr start]
        --[primary start]
          a --local symbol ? 
        --[primary end]
       ==
        --[primary start]
          d --local symbol ? 
        --[primary end]
       --[binary expr end]
      then
        goto l2
      else
        if
         --[binary expr start]
          --[primary start]
            a --local symbol ? 
          --[primary end]
         ==
          --[primary start]
            e --local symbol ? 
          --[primary end]
         --[binary expr end]
        then
          goto l3
        else
          goto l3
        end
      end
      ::l1::
      ::l2::
      ::l3::
      ::l4::
    end
end

function()
  return
    function(
      a --local symbol ? 
    )
      while
       --[binary expr start]
        --[primary start]
          a --local symbol ? 
        --[primary end]
       <
        10
       --[binary expr end]
      do
        --[expression statement start]
         --[var list start]
           --[primary start]
             a --local symbol ? 
           --[primary end]
         = --[var list end]
         --[expression list start]
           --[binary expr start]
            --[primary start]
              a --local symbol ? 
            --[primary end]
           +
            1
           --[binary expr end]
         --[expression list end]
        --[expression statement end]
      end
    end
end

function()
  return
    function(
      a --local symbol ? 
    )
      ::L2::
      if
       --[unary expr start]
       not
        --[primary start]
         --[binary expr start]
          --[primary start]
            a --local symbol ? 
          --[primary end]
         <
          10
         --[binary expr end]
        --[primary end]
       --[unary expr end]
      then
        goto L1
      end
      --[expression statement start]
       --[var list start]
         --[primary start]
           a --local symbol ? 
         --[primary end]
       = --[var list end]
       --[expression list start]
         --[binary expr start]
          --[primary start]
            a --local symbol ? 
          --[primary end]
         +
          1
         --[binary expr end]
       --[expression list end]
      --[expression statement end]
      goto L2
      ::L1::
    end
end

